[2648596:2648596:0806/061748.318130:ERROR:content/browser/zygote_host/zygote_host_impl_linux.cc:128] No usable sandbox! If this is a Debian system, please install the chromium-sandbox package to solve this problem. If you are running on Ubuntu 23.10+ or another Linux distro that has disabled unprivileged user namespaces with AppArmor, see https://chromium.googlesource.com/chromium/src/+/main/docs/security/apparmor-userns-restrictions.md. If you want to live dangerously and need an immediate workaround, you can try using --no-sandbox.
[2650932:2650962:0806/061818.580994:ERROR:dbus/bus.cc:405] Failed to connect to the bus: Failed to connect to socket /run/user/1000/bus: No such file or directory
[2650932:2650962:0806/061818.583641:ERROR:dbus/bus.cc:405] Failed to connect to the bus: Failed to connect to socket /run/user/1000/bus: No such file or directory
[2650932:2650962:0806/061818.622828:ERROR:dbus/bus.cc:405] Failed to connect to the bus: Failed to connect to socket /run/user/1000/bus: No such file or directory
[2650932:2650962:0806/061818.846665:ERROR:dbus/bus.cc:405] Failed to connect to the bus: Failed to connect to socket /run/user/1000/bus: No such file or directory

DevTools listening on ws://127.0.0.1:43441/devtools/browser/ebd99c9a-73ae-4176-a8b1-5bc37e8cc2f3

(chromium:2650932): dconf-CRITICAL **: 06:18:19.117: unable to create file '/run/user/1000/dconf/user': Permission denied.  dconf will not work properly.

(chromium:2650932): dconf-CRITICAL **: 06:18:19.118: unable to create file '/run/user/1000/dconf/user': Permission denied.  dconf will not work properly.

(chromium:2650932): dconf-CRITICAL **: 06:18:19.118: unable to create file '/run/user/1000/dconf/user': Permission denied.  dconf will not work properly.
[2650932:2650962:0806/061819.183179:ERROR:dbus/bus.cc:405] Failed to connect to the bus: Failed to connect to socket /run/user/1000/bus: No such file or directory
[2650932:2650962:0806/061819.183233:ERROR:dbus/bus.cc:405] Failed to connect to the bus: Failed to connect to socket /run/user/1000/bus: No such file or directory
[2650932:2650932:0806/061819.462494:ERROR:dbus/object_proxy.cc:572] Failed to call method: org.freedesktop.DBus.NameHasOwner: object_path= /org/freedesktop/DBus: unknown error type: 
[2650932:2650932:0806/061819.462599:ERROR:dbus/object_proxy.cc:572] Failed to call method: org.freedesktop.DBus.NameHasOwner: object_path= /org/freedesktop/DBus: unknown error type: 
[2650932:2650962:0806/061819.462700:ERROR:dbus/bus.cc:405] Failed to connect to the bus: Failed to connect to socket /run/user/1000/bus: No such file or directory
[2650932:2650962:0806/061819.462733:ERROR:dbus/bus.cc:405] Failed to connect to the bus: Failed to connect to socket /run/user/1000/bus: No such file or directory
[2650932:2650932:0806/061819.463942:ERROR:dbus/object_proxy.cc:572] Failed to call method: org.freedesktop.DBus.NameHasOwner: object_path= /org/freedesktop/DBus: unknown error type: 
[2650932:2650932:0806/061819.474134:ERROR:dbus/object_proxy.cc:572] Failed to call method: org.freedesktop.DBus.NameHasOwner: object_path= /org/freedesktop/DBus: unknown error type: 
[2650932:2650932:0806/061819.527591:ERROR:dbus/object_proxy.cc:572] Failed to call method: org.freedesktop.DBus.NameHasOwner: object_path= /org/freedesktop/DBus: unknown error type: 
[2650932:2650932:0806/061819.529237:ERROR:dbus/object_proxy.cc:572] Failed to call method: org.freedesktop.DBus.NameHasOwner: object_path= /org/freedesktop/DBus: unknown error type: 
[2650932:2650962:0806/061819.531147:ERROR:dbus/bus.cc:405] Failed to connect to the bus: Failed to connect to socket /run/user/1000/bus: No such file or directory
[2650932:2650932:0806/061819.574366:ERROR:dbus/object_proxy.cc:572] Failed to call method: org.freedesktop.DBus.Properties.GetAll: object_path= /org/freedesktop/UPower/devices/DisplayDevice: org.freedesktop.DBus.Error.ServiceUnknown: The name org.freedesktop.UPower was not provided by any .service files
[2650932:2650932:0806/061819.574415:ERROR:dbus/object_proxy.cc:572] Failed to call method: org.freedesktop.DBus.NameHasOwner: object_path= /org/freedesktop/DBus: unknown error type: 
[2650932:2650962:0806/061819.576871:ERROR:dbus/bus.cc:405] Failed to connect to the bus: Failed to connect to socket /run/user/1000/bus: No such file or directory
[2650932:2650932:0806/061819.605815:ERROR:dbus/object_proxy.cc:572] Failed to call method: org.freedesktop.DBus.NameHasOwner: object_path= /org/freedesktop/DBus: unknown error type: 
[2650932:2650962:0806/061819.605993:ERROR:dbus/bus.cc:405] Failed to connect to the bus: Failed to connect to socket /run/user/1000/bus: No such file or directory
[2650932:2650932:0806/061819.671516:ERROR:dbus/object_proxy.cc:572] Failed to call method: org.freedesktop.DBus.NameHasOwner: object_path= /org/freedesktop/DBus: unknown error type: 
[2650932:2650964:0806/061822.337856:ERROR:google_apis/gcm/engine/registration_request.cc:291] Registration response error message: PHONE_REGISTRATION_ERROR
[2650932:2650964:0806/061822.340823:ERROR:google_apis/gcm/engine/registration_request.cc:291] Registration response error message: PHONE_REGISTRATION_ERROR
[2650932:2650964:0806/061822.347117:ERROR:google_apis/gcm/engine/registration_request.cc:291] Registration response error message: PHONE_REGISTRATION_ERROR
[2650932:2650964:0806/061822.650183:ERROR:google_apis/gcm/engine/mcs_client.cc:702]   Error code: 401  Error message: Authentication Failed: wrong_secret
[2650932:2650964:0806/061822.650218:ERROR:google_apis/gcm/engine/mcs_client.cc:704] Failed to log in to GCM, resetting connection.
[2650932:2650964:0806/061851.441159:ERROR:google_apis/gcm/engine/registration_request.cc:291] Registration response error message: QUOTA_EXCEEDED
Warning: ../src/imagination/vulkan/pvr_instance.c:92: Failed to enumerate drm devices (errno 2: No such file or directory) (VK_ERROR_INITIALIZATION_FAILED)
Error: Loader Message: setup_loader_term_phys_devs: Call to 'vkEnumeratePhysicalDevices' in ICD /usr/lib/aarch64-linux-gnu/libvulkan_powervr_mesa.so failed with error code -3
Warning: ../src/imagination/vulkan/pvr_instance.c:92: Failed to enumerate drm devices (errno 2: No such file or directory) (VK_ERROR_INITIALIZATION_FAILED)
Error: Loader Message: setup_loader_term_phys_devs: Call to 'vkEnumeratePhysicalDevices' in ICD /usr/lib/aarch64-linux-gnu/libvulkan_powervr_mesa.so failed with error code -3
Warning: ../src/imagination/vulkan/pvr_instance.c:92: Failed to enumerate drm devices (errno 2: No such file or directory) (VK_ERROR_INITIALIZATION_FAILED)
Error: Loader Message: setup_loader_term_phys_devs: Call to 'vkEnumeratePhysicalDevices' in ICD /usr/lib/aarch64-linux-gnu/libvulkan_powervr_mesa.so failed with error code -3
Warning: ../src/imagination/vulkan/pvr_instance.c:92: Failed to enumerate drm devices (errno 2: No such file or directory) (VK_ERROR_INITIALIZATION_FAILED)
Error: Loader Message: setup_loader_term_phys_devs: Call to 'vkEnumeratePhysicalDevices' in ICD /usr/lib/aarch64-linux-gnu/libvulkan_powervr_mesa.so failed with error code -3
Warning: maxDynamicUniformBuffersPerPipelineLayout artificially reduced from 500000 to 16 to fit dynamic offset allocation limit.
Warning: maxDynamicStorageBuffersPerPipelineLayout artificially reduced from 500000 to 16 to fit dynamic offset allocation limit.
[2662161:2662161:0806/062119.022135:ERROR:services/on_device_model/ml/gpu_blocklist.cc:120] Unable to get gpu adapter
[2662161:2662165:0806/062119.024498:ERROR:services/on_device_model/ml/gpu_blocklist.cc:120] Unable to get gpu adapter
